Copyright 1986-2022 Xilinx, Inc. All Rights Reserved. Copyright 2022-2025 Advanced Micro Devices, Inc. All Rights Reserved.
------------------------------------------------------------------------------------------------------------------------------------------------------------------------------------------------------------------------------------------
| Tool Version : Vivado v.2025.1 (win64) Build 6140274 Thu May 22 00:12:29 MDT 2025
| Date         : Fri Nov 28 15:36:27 2025
| Host         : LAPTOP-32F8C2TA running 64-bit major release  (build 9200)
| Command      : report_timing_summary -max_paths 10 -routable_nets -report_unconstrained -file SystemDemo_timing_summary_routed.rpt -pb SystemDemo_timing_summary_routed.pb -rpx SystemDemo_timing_summary_routed.rpx -warn_on_violation
| Design       : SystemDemo
| Device       : 7z020-clg400
| Speed File   : -1  PRODUCTION 1.12 2019-11-22
| Design State : Routed
------------------------------------------------------------------------------------------------------------------------------------------------------------------------------------------------------------------------------------------

Timing Summary Report

------------------------------------------------------------------------------------------------
| Timer Settings
| --------------
------------------------------------------------------------------------------------------------

  Enable Multi Corner Analysis               :  Yes
  Enable Pessimism Removal                   :  Yes
  Pessimism Removal Resolution               :  Nearest Common Node
  Enable Input Delay Default Clock           :  No
  Enable Preset / Clear Arcs                 :  No
  Disable Flight Delays                      :  No
  Ignore I/O Paths                           :  No
  Timing Early Launch at Borrowing Latches   :  No
  Borrow Time for Max Delay Exceptions       :  Yes
  Merge Timing Exceptions                    :  Yes
  Inter-SLR Compensation                     :  Conservative

  Corner  Analyze    Analyze    
  Name    Max Paths  Min Paths  
  ------  ---------  ---------  
  Slow    Yes        Yes        
  Fast    Yes        Yes        


------------------------------------------------------------------------------------------------
| Report Methodology
| ------------------
------------------------------------------------------------------------------------------------

No report available as report_methodology has not been run prior. Run report_methodology on the current design for the summary of methodology violations.



check_timing report

Table of Contents
-----------------
1. checking no_clock (0)
2. checking constant_clock (0)
3. checking pulse_width_clock (0)
4. checking unconstrained_internal_endpoints (0)
5. checking no_input_delay (0)
6. checking no_output_delay (0)
7. checking multiple_clock (0)
8. checking generated_clocks (0)
9. checking loops (0)
10. checking partial_input_delay (0)
11. checking partial_output_delay (0)
12. checking latch_loops (0)

1. checking no_clock (0)
------------------------
 There are 0 register/latch pins with no clock.


2. checking constant_clock (0)
------------------------------
 There are 0 register/latch pins with constant_clock.


3. checking pulse_width_clock (0)
---------------------------------
 There are 0 register/latch pins which need pulse_width check


4. checking unconstrained_internal_endpoints (0)
------------------------------------------------
 There are 0 pins that are not constrained for maximum delay.

 There are 0 pins that are not constrained for maximum delay due to constant clock.


5. checking no_input_delay (0)
------------------------------
 There are 0 input ports with no input delay specified.

 There are 0 input ports with no input delay but user has a false path constraint.


6. checking no_output_delay (0)
-------------------------------
 There are 0 ports with no output delay specified.

 There are 0 ports with no output delay but user has a false path constraint

 There are 0 ports with no output delay but with a timing clock defined on it or propagating through it


7. checking multiple_clock (0)
------------------------------
 There are 0 register/latch pins with multiple clocks.


8. checking generated_clocks (0)
--------------------------------
 There are 0 generated clocks that are not connected to a clock source.


9. checking loops (0)
---------------------
 There are 0 combinational loops in the design.


10. checking partial_input_delay (0)
------------------------------------
 There are 0 input ports with partial input delay specified.


11. checking partial_output_delay (0)
-------------------------------------
 There are 0 ports with partial output delay specified.


12. checking latch_loops (0)
----------------------------
 There are 0 combinational latch loops in the design through latch input



------------------------------------------------------------------------------------------------
| Design Timing Summary
| ---------------------
------------------------------------------------------------------------------------------------

    WNS(ns)      TNS(ns)  TNS Failing Endpoints  TNS Total Endpoints      WHS(ns)      THS(ns)  THS Failing Endpoints  THS Total Endpoints     WPWS(ns)     TPWS(ns)  TPWS Failing Endpoints  TPWS Total Endpoints  
    -------      -------  ---------------------  -------------------      -------      -------  ---------------------  -------------------     --------     --------  ----------------------  --------------------  
        inf        0.000                      0                    6          inf        0.000                      0                    6           NA           NA                      NA                    NA  


There are no user specified timing constraints.


------------------------------------------------------------------------------------------------
| Clock Summary
| -------------
------------------------------------------------------------------------------------------------


------------------------------------------------------------------------------------------------
| Intra Clock Table
| -----------------
------------------------------------------------------------------------------------------------

Clock             WNS(ns)      TNS(ns)  TNS Failing Endpoints  TNS Total Endpoints      WHS(ns)      THS(ns)  THS Failing Endpoints  THS Total Endpoints     WPWS(ns)     TPWS(ns)  TPWS Failing Endpoints  TPWS Total Endpoints  
-----             -------      -------  ---------------------  -------------------      -------      -------  ---------------------  -------------------     --------     --------  ----------------------  --------------------  


------------------------------------------------------------------------------------------------
| Inter Clock Table
| -----------------
------------------------------------------------------------------------------------------------

From Clock    To Clock          WNS(ns)      TNS(ns)  TNS Failing Endpoints  TNS Total Endpoints      WHS(ns)      THS(ns)  THS Failing Endpoints  THS Total Endpoints  
----------    --------          -------      -------  ---------------------  -------------------      -------      -------  ---------------------  -------------------  


------------------------------------------------------------------------------------------------
| Other Path Groups Table
| -----------------------
------------------------------------------------------------------------------------------------

Path Group    From Clock    To Clock          WNS(ns)      TNS(ns)  TNS Failing Endpoints  TNS Total Endpoints      WHS(ns)      THS(ns)  THS Failing Endpoints  THS Total Endpoints  
----------    ----------    --------          -------      -------  ---------------------  -------------------      -------      -------  ---------------------  -------------------  


------------------------------------------------------------------------------------------------
| User Ignored Path Table
| -----------------------
------------------------------------------------------------------------------------------------

Path Group    From Clock    To Clock    
----------    ----------    --------    


------------------------------------------------------------------------------------------------
| Unconstrained Path Table
| ------------------------
------------------------------------------------------------------------------------------------

Path Group    From Clock    To Clock    
----------    ----------    --------    
(none)                                    


------------------------------------------------------------------------------------------------
| Timing Details
| --------------
------------------------------------------------------------------------------------------------


--------------------------------------------------------------------------------------
Path Group:  (none)
From Clock:  
  To Clock:  

Max Delay             6 Endpoints
Min Delay             6 Endpoints
--------------------------------------------------------------------------------------


Max Delay Paths
--------------------------------------------------------------------------------------
Slack:                    inf
  Source:                 btn[4]
                            (input port)
  Destination:            led[1]
                            (output port)
  Path Group:             (none)
  Path Type:              Max at Slow Process Corner
  Data Path Delay:        9.513ns  (logic 5.194ns (54.605%)  route 4.318ns (45.395%))
  Logic Levels:           3  (IBUF=1 LUT1=1 OBUF=1)

    Location             Delay type                Incr(ns)  Path(ns)    Netlist Resource(s)
  -------------------------------------------------------------------    -------------------
    L20                                               0.000     0.000 f  btn[4] (IN)
                         net (fo=0)                   0.000     0.000    btn[4]
    L20                  IBUF (Prop_ibuf_I_O)         1.513     1.513 f  btn_IBUF[4]_inst/O
                         net (fo=5, routed)           2.195     3.708    btn_IBUF[4]
    SLICE_X113Y104       LUT1 (Prop_lut1_I0_O)        0.124     3.832 r  led_OBUF[1]_inst_i_1/O
                         net (fo=1, routed)           2.123     5.955    led_OBUF[1]
    P14                  OBUF (Prop_obuf_I_O)         3.557     9.513 r  led_OBUF[1]_inst/O
                         net (fo=0)                   0.000     9.513    led[1]
    P14                                                               r  led[1] (OUT)
  -------------------------------------------------------------------    -------------------

Slack:                    inf
  Source:                 btn[2]
                            (input port)
  Destination:            led[3]
                            (output port)
  Path Group:             (none)
  Path Type:              Max at Slow Process Corner
  Data Path Delay:        9.314ns  (logic 5.168ns (55.491%)  route 4.146ns (44.509%))
  Logic Levels:           3  (IBUF=1 LUT3=1 OBUF=1)

    Location             Delay type                Incr(ns)  Path(ns)    Netlist Resource(s)
  -------------------------------------------------------------------    -------------------
    D19                                               0.000     0.000 r  btn[2] (IN)
                         net (fo=0)                   0.000     0.000    btn[2]
    D19                  IBUF (Prop_ibuf_I_O)         1.463     1.463 r  btn_IBUF[2]_inst/O
                         net (fo=3, routed)           2.068     3.531    btn_IBUF[2]
    SLICE_X113Y117       LUT3 (Prop_lut3_I0_O)        0.124     3.655 r  led_OBUF[3]_inst_i_1/O
                         net (fo=1, routed)           2.078     5.733    led_OBUF[3]
    M14                  OBUF (Prop_obuf_I_O)         3.581     9.314 r  led_OBUF[3]_inst/O
                         net (fo=0)                   0.000     9.314    led[3]
    M14                                                               r  led[3] (OUT)
  -------------------------------------------------------------------    -------------------

Slack:                    inf
  Source:                 btn[1]
                            (input port)
  Destination:            led[5]
                            (output port)
  Path Group:             (none)
  Path Type:              Max at Slow Process Corner
  Data Path Delay:        9.182ns  (logic 5.252ns (57.199%)  route 3.930ns (42.801%))
  Logic Levels:           3  (IBUF=1 LUT4=1 OBUF=1)

    Location             Delay type                Incr(ns)  Path(ns)    Netlist Resource(s)
  -------------------------------------------------------------------    -------------------
    M19                                               0.000     0.000 r  btn[1] (IN)
                         net (fo=0)                   0.000     0.000    btn[1]
    M19                  IBUF (Prop_ibuf_I_O)         1.533     1.533 r  btn_IBUF[1]_inst/O
                         net (fo=2, routed)           2.011     3.543    btn_IBUF[1]
    SLICE_X113Y117       LUT4 (Prop_lut4_I0_O)        0.124     3.667 r  led_OBUF[5]_inst_i_1/O
                         net (fo=1, routed)           1.919     5.586    led_OBUF[5]
    L14                  OBUF (Prop_obuf_I_O)         3.595     9.182 r  led_OBUF[5]_inst/O
                         net (fo=0)                   0.000     9.182    led[5]
    L14                                                               r  led[5] (OUT)
  -------------------------------------------------------------------    -------------------

Slack:                    inf
  Source:                 btn[1]
                            (input port)
  Destination:            led[4]
                            (output port)
  Path Group:             (none)
  Path Type:              Max at Slow Process Corner
  Data Path Delay:        9.083ns  (logic 5.405ns (59.513%)  route 3.677ns (40.487%))
  Logic Levels:           3  (IBUF=1 LUT4=1 OBUF=1)

    Location             Delay type                Incr(ns)  Path(ns)    Netlist Resource(s)
  -------------------------------------------------------------------    -------------------
    M19                                               0.000     0.000 r  btn[1] (IN)
                         net (fo=0)                   0.000     0.000    btn[1]
    M19                  IBUF (Prop_ibuf_I_O)         1.533     1.533 r  btn_IBUF[1]_inst/O
                         net (fo=2, routed)           2.011     3.543    btn_IBUF[1]
    SLICE_X113Y117       LUT4 (Prop_lut4_I0_O)        0.152     3.695 r  led_OBUF[4]_inst_i_1/O
                         net (fo=1, routed)           1.667     5.362    led_OBUF[4]
    G17                  OBUF (Prop_obuf_I_O)         3.721     9.083 r  led_OBUF[4]_inst/O
                         net (fo=0)                   0.000     9.083    led[4]
    G17                                                               r  led[4] (OUT)
  -------------------------------------------------------------------    -------------------

Slack:                    inf
  Source:                 btn[4]
                            (input port)
  Destination:            led[2]
                            (output port)
  Path Group:             (none)
  Path Type:              Max at Slow Process Corner
  Data Path Delay:        8.948ns  (logic 5.437ns (60.765%)  route 3.511ns (39.235%))
  Logic Levels:           3  (IBUF=1 LUT2=1 OBUF=1)

    Location             Delay type                Incr(ns)  Path(ns)    Netlist Resource(s)
  -------------------------------------------------------------------    -------------------
    L20                                               0.000     0.000 r  btn[4] (IN)
                         net (fo=0)                   0.000     0.000    btn[4]
    L20                  IBUF (Prop_ibuf_I_O)         1.513     1.513 r  btn_IBUF[4]_inst/O
                         net (fo=5, routed)           1.587     3.101    btn_IBUF[4]
    SLICE_X113Y117       LUT2 (Prop_lut2_I1_O)        0.150     3.251 r  led_OBUF[2]_inst_i_1/O
                         net (fo=1, routed)           1.923     5.174    led_OBUF[2]
    N16                  OBUF (Prop_obuf_I_O)         3.774     8.948 r  led_OBUF[2]_inst/O
                         net (fo=0)                   0.000     8.948    led[2]
    N16                                                               r  led[2] (OUT)
  -------------------------------------------------------------------    -------------------

Slack:                    inf
  Source:                 btn[0]
                            (input port)
  Destination:            led[0]
                            (output port)
  Path Group:             (none)
  Path Type:              Max at Slow Process Corner
  Data Path Delay:        8.531ns  (logic 5.072ns (59.451%)  route 3.459ns (40.549%))
  Logic Levels:           2  (IBUF=1 OBUF=1)

    Location             Delay type                Incr(ns)  Path(ns)    Netlist Resource(s)
  -------------------------------------------------------------------    -------------------
    M20                                               0.000     0.000 r  btn[0] (IN)
                         net (fo=0)                   0.000     0.000    btn[0]
    M20                  IBUF (Prop_ibuf_I_O)         1.542     1.542 r  btn_IBUF[0]_inst/O
                         net (fo=1, routed)           3.459     5.002    led_OBUF[0]
    R14                  OBUF (Prop_obuf_I_O)         3.530     8.531 r  led_OBUF[0]_inst/O
                         net (fo=0)                   0.000     8.531    led[0]
    R14                                                               r  led[0] (OUT)
  -------------------------------------------------------------------    -------------------





Min Delay Paths
--------------------------------------------------------------------------------------
Slack:                    inf
  Source:                 btn[4]
                            (input port)
  Destination:            led[4]
                            (output port)
  Path Group:             (none)
  Path Type:              Min at Fast Process Corner
  Data Path Delay:        2.546ns  (logic 1.611ns (63.268%)  route 0.935ns (36.732%))
  Logic Levels:           3  (IBUF=1 LUT4=1 OBUF=1)

    Location             Delay type                Incr(ns)  Path(ns)    Netlist Resource(s)
  -------------------------------------------------------------------    -------------------
    L20                                               0.000     0.000 r  btn[4] (IN)
                         net (fo=0)                   0.000     0.000    btn[4]
    L20                  IBUF (Prop_ibuf_I_O)         0.281     0.281 r  btn_IBUF[4]_inst/O
                         net (fo=5, routed)           0.600     0.881    btn_IBUF[4]
    SLICE_X113Y117       LUT4 (Prop_lut4_I2_O)        0.049     0.930 r  led_OBUF[4]_inst_i_1/O
                         net (fo=1, routed)           0.335     1.265    led_OBUF[4]
    G17                  OBUF (Prop_obuf_I_O)         1.281     2.546 r  led_OBUF[4]_inst/O
                         net (fo=0)                   0.000     2.546    led[4]
    G17                                                               r  led[4] (OUT)
  -------------------------------------------------------------------    -------------------

Slack:                    inf
  Source:                 btn[0]
                            (input port)
  Destination:            led[0]
                            (output port)
  Path Group:             (none)
  Path Type:              Min at Fast Process Corner
  Data Path Delay:        2.567ns  (logic 1.540ns (60.009%)  route 1.026ns (39.991%))
  Logic Levels:           2  (IBUF=1 OBUF=1)

    Location             Delay type                Incr(ns)  Path(ns)    Netlist Resource(s)
  -------------------------------------------------------------------    -------------------
    M20                                               0.000     0.000 r  btn[0] (IN)
                         net (fo=0)                   0.000     0.000    btn[0]
    M20                  IBUF (Prop_ibuf_I_O)         0.309     0.309 r  btn_IBUF[0]_inst/O
                         net (fo=1, routed)           1.026     1.336    led_OBUF[0]
    R14                  OBUF (Prop_obuf_I_O)         1.231     2.567 r  led_OBUF[0]_inst/O
                         net (fo=0)                   0.000     2.567    led[0]
    R14                                                               r  led[0] (OUT)
  -------------------------------------------------------------------    -------------------

Slack:                    inf
  Source:                 btn[4]
                            (input port)
  Destination:            led[5]
                            (output port)
  Path Group:             (none)
  Path Type:              Min at Fast Process Corner
  Data Path Delay:        2.665ns  (logic 1.621ns (60.839%)  route 1.044ns (39.161%))
  Logic Levels:           3  (IBUF=1 LUT4=1 OBUF=1)

    Location             Delay type                Incr(ns)  Path(ns)    Netlist Resource(s)
  -------------------------------------------------------------------    -------------------
    L20                                               0.000     0.000 r  btn[4] (IN)
                         net (fo=0)                   0.000     0.000    btn[4]
    L20                  IBUF (Prop_ibuf_I_O)         0.281     0.281 r  btn_IBUF[4]_inst/O
                         net (fo=5, routed)           0.600     0.881    btn_IBUF[4]
    SLICE_X113Y117       LUT4 (Prop_lut4_I2_O)        0.045     0.926 r  led_OBUF[5]_inst_i_1/O
                         net (fo=1, routed)           0.443     1.369    led_OBUF[5]
    L14                  OBUF (Prop_obuf_I_O)         1.296     2.665 r  led_OBUF[5]_inst/O
                         net (fo=0)                   0.000     2.665    led[5]
    L14                                                               r  led[5] (OUT)
  -------------------------------------------------------------------    -------------------

Slack:                    inf
  Source:                 btn[5]
                            (input port)
  Destination:            led[3]
                            (output port)
  Path Group:             (none)
  Path Type:              Min at Fast Process Corner
  Data Path Delay:        2.706ns  (logic 1.602ns (59.184%)  route 1.104ns (40.816%))
  Logic Levels:           3  (IBUF=1 LUT3=1 OBUF=1)

    Location             Delay type                Incr(ns)  Path(ns)    Netlist Resource(s)
  -------------------------------------------------------------------    -------------------
    L19                                               0.000     0.000 r  btn[5] (IN)
                         net (fo=0)                   0.000     0.000    btn[5]
    L19                  IBUF (Prop_ibuf_I_O)         0.275     0.275 r  btn_IBUF[5]_inst/O
                         net (fo=4, routed)           0.614     0.889    btn_IBUF[5]
    SLICE_X113Y117       LUT3 (Prop_lut3_I2_O)        0.045     0.934 r  led_OBUF[3]_inst_i_1/O
                         net (fo=1, routed)           0.491     1.425    led_OBUF[3]
    M14                  OBUF (Prop_obuf_I_O)         1.281     2.706 r  led_OBUF[3]_inst/O
                         net (fo=0)                   0.000     2.706    led[3]
    M14                                                               r  led[3] (OUT)
  -------------------------------------------------------------------    -------------------

Slack:                    inf
  Source:                 btn[5]
                            (input port)
  Destination:            led[2]
                            (output port)
  Path Group:             (none)
  Path Type:              Min at Fast Process Corner
  Data Path Delay:        2.717ns  (logic 1.658ns (61.025%)  route 1.059ns (38.975%))
  Logic Levels:           3  (IBUF=1 LUT2=1 OBUF=1)

    Location             Delay type                Incr(ns)  Path(ns)    Netlist Resource(s)
  -------------------------------------------------------------------    -------------------
    L19                                               0.000     0.000 r  btn[5] (IN)
                         net (fo=0)                   0.000     0.000    btn[5]
    L19                  IBUF (Prop_ibuf_I_O)         0.275     0.275 r  btn_IBUF[5]_inst/O
                         net (fo=4, routed)           0.614     0.889    btn_IBUF[5]
    SLICE_X113Y117       LUT2 (Prop_lut2_I0_O)        0.048     0.937 r  led_OBUF[2]_inst_i_1/O
                         net (fo=1, routed)           0.445     1.382    led_OBUF[2]
    N16                  OBUF (Prop_obuf_I_O)         1.335     2.717 r  led_OBUF[2]_inst/O
                         net (fo=0)                   0.000     2.717    led[2]
    N16                                                               r  led[2] (OUT)
  -------------------------------------------------------------------    -------------------

Slack:                    inf
  Source:                 btn[4]
                            (input port)
  Destination:            led[1]
                            (output port)
  Path Group:             (none)
  Path Type:              Min at Fast Process Corner
  Data Path Delay:        3.007ns  (logic 1.584ns (52.665%)  route 1.423ns (47.335%))
  Logic Levels:           3  (IBUF=1 LUT1=1 OBUF=1)

    Location             Delay type                Incr(ns)  Path(ns)    Netlist Resource(s)
  -------------------------------------------------------------------    -------------------
    L20                                               0.000     0.000 f  btn[4] (IN)
                         net (fo=0)                   0.000     0.000    btn[4]
    L20                  IBUF (Prop_ibuf_I_O)         0.281     0.281 f  btn_IBUF[4]_inst/O
                         net (fo=5, routed)           0.896     1.177    btn_IBUF[4]
    SLICE_X113Y104       LUT1 (Prop_lut1_I0_O)        0.045     1.222 r  led_OBUF[1]_inst_i_1/O
                         net (fo=1, routed)           0.527     1.749    led_OBUF[1]
    P14                  OBUF (Prop_obuf_I_O)         1.258     3.007 r  led_OBUF[1]_inst/O
                         net (fo=0)                   0.000     3.007    led[1]
    P14                                                               r  led[1] (OUT)
  -------------------------------------------------------------------    -------------------





